 Network nyc-taxi-duration-pipeline_default Creating 
 Network nyc-taxi-duration-pipeline_default Creating 
 Network nyc-taxi-duration-pipeline_default Created 
 Network nyc-taxi-duration-pipeline_default Created 
 Container airflow_local_standalone Creating 
 Container airflow_local_standalone Created 
Attaching to airflow_local_standalone
 Container airflow_local_standalone Starting 
 Container airflow_local_standalone Started 
airflow_local_standalone  | 2026-10-08T15:30:51.369161821Z Running Airflow database migrations...
airflow_local_standalone  | 2026-10-08T15:30:56.866099510Z 2026-10-08T15:30:56.865231Z [warning  ] FileType is deprecated. Simply open files after parsing arguments. [py.warnings] category=PendingDeprecationWarning filename=/home/airflow/.local/lib/python3.14/site-packages/airflow/cli/cli_config.py lineno=646
airflow_local_standalone  | 2026-10-08T15:30:56.868519094Z 2026-10-08T15:30:56.867139Z [warning  ] FileType is deprecated. Simply open files after parsing arguments. [py.warnings] category=PendingDeprecationWarning filename=/home/airflow/.local/lib/python3.14/site-packages/airflow/cli/cli_config.py lineno=868
airflow_local_standalone  | 2026-10-08T15:30:58.205790382Z 2026-10-08T15:30:58.205432Z [info     ] Performing upgrade to the metadata database [airflow.cli.commands.db_command] loc=db_command.py:134 url=sqlite:////opt/airflow/airflow.db
airflow_local_standalone  | 2026-10-08T15:30:58.674404056Z 2026-10-08T15:30:58.674082Z [info     ] Context impl SQLiteImpl.       [alembic.runtime.migration] loc=migration.py:205
airflow_local_standalone  | 2026-10-08T15:30:58.675517485Z 2026-10-08T15:30:58.674406Z [info     ] Will assume non-transactional DDL. [alembic.runtime.migration] loc=migration.py:208
airflow_local_standalone  | 2026-10-08T15:30:59.348338986Z 2026-10-08T15:30:59.347102Z [warning  ] Using `httpx` with `starlette.testclient` is deprecated; install `httpx2` instead. [py.warnings] category=StarletteDeprecationWarning filename=/home/airflow/.local/lib/python3.14/site-packages/fastapi/testclient.py lineno=1
airflow_local_standalone  | 2026-10-08T15:30:59.602027262Z 2026-10-08T15:30:59.601686Z [info     ] Context impl SQLiteImpl.       [alembic.runtime.migration] loc=migration.py:205
airflow_local_standalone  | 2026-10-08T15:30:59.602603809Z 2026-10-08T15:30:59.601890Z [info     ] Will assume non-transactional DDL. [alembic.runtime.migration] loc=migration.py:208
airflow_local_standalone  | 2026-10-08T15:30:59.603243268Z 2026-10-08T15:30:59.603051Z [info     ] Creating Airflow database tables from the ORM [airflow.utils.db] loc=db.py:749
airflow_local_standalone  | 2026-10-08T15:30:59.603613237Z 2026-10-08T15:30:59.603219Z [info     ] Creating global lock context   [airflow.utils.db] loc=db.py:730
airflow_local_standalone  | 2026-10-08T15:30:59.603750793Z 2026-10-08T15:30:59.603580Z [info     ] Pool status: Pool size: 5  Connections in pool: 0 Current Overflow: -4 Current Checked out connections: 1 [airflow.utils.db] loc=db.py:733
airflow_local_standalone  | 2026-10-08T15:30:59.603957621Z 2026-10-08T15:30:59.603737Z [info     ] Creating metadata              [airflow.utils.db] loc=db.py:735
airflow_local_standalone  | 2026-10-08T15:30:59.797161952Z 2026-10-08T15:30:59.796841Z [info     ] Getting alembic config         [airflow.utils.db] loc=db.py:738
airflow_local_standalone  | 2026-10-08T15:30:59.799061291Z 2026-10-08T15:30:59.798205Z [info     ] Stamping migration head        [airflow.utils.db] loc=db.py:741
airflow_local_standalone  | 2026-10-08T15:30:59.802005863Z 2026-10-08T15:30:59.801718Z [info     ] Context impl SQLiteImpl.       [alembic.runtime.migration] loc=migration.py:205
airflow_local_standalone  | 2026-10-08T15:30:59.802558855Z 2026-10-08T15:30:59.801931Z [info     ] Will assume non-transactional DDL. [alembic.runtime.migration] loc=migration.py:208
airflow_local_standalone  | 2026-10-08T15:30:59.960990849Z 2026-10-08T15:30:59.960642Z [info     ] Running stamp_revision  -> d2f4e1b3c5a7 [alembic.runtime.migration] loc=migration.py:611
airflow_local_standalone  | 2026-10-08T15:30:59.965670101Z 2026-10-08T15:30:59.964863Z [info     ] Airflow database tables created [airflow.utils.db] loc=db.py:744
airflow_local_standalone  | 2026-10-08T15:30:59.982447975Z 2026-10-08T15:30:59.982123Z [info     ] Database migration done!       [airflow.cli.commands.db_command] loc=db_command.py:152
airflow_local_standalone  | 2026-10-08T15:31:00.796336123Z Starting Airflow Standalone (Scheduler, API Server, Triggerer, DAG Processor)...
airflow_local_standalone  | 2026-10-08T15:31:02.312828600Z 2026-10-08T15:31:02.312432Z [warning  ] FileType is deprecated. Simply open files after parsing arguments. [py.warnings] category=PendingDeprecationWarning filename=/home/airflow/.local/lib/python3.14/site-packages/airflow/cli/cli_config.py lineno=646
airflow_local_standalone  | 2026-10-08T15:31:02.315578416Z 2026-10-08T15:31:02.314093Z [warning  ] FileType is deprecated. Simply open files after parsing arguments. [py.warnings] category=PendingDeprecationWarning filename=/home/airflow/.local/lib/python3.14/site-packages/airflow/cli/cli_config.py lineno=868
airflow_local_standalone  | 2026-10-08T15:31:02.927284321Z 2026-10-08T15:31:02.926939Z [warning  ] Using `httpx` with `starlette.testclient` is deprecated; install `httpx2` instead. [py.warnings] category=StarletteDeprecationWarning filename=/home/airflow/.local/lib/python3.14/site-packages/fastapi/testclient.py lineno=1
airflow_local_standalone  | 2026-10-08T15:31:03.186169342Z standalone | Starting Airflow Standalone
airflow_local_standalone  | 2026-10-08T15:31:03.186195431Z 2026-10-08T15:31:03.185842Z [warning  ] SimpleAuthManager is active but the deployment shape looks like production (non-sqlite backend, non-local API host, or a distributed executor). SimpleAuthManager stores passwords in plaintext at /opt/airflow/simple_auth_manager_passwords.json.generated and prints generated passwords to stdout/logs on first init. Use a real auth manager (e.g. FAB or Keycloak) for production deployments. [airflow.api_fastapi.auth.managers.simple.simple_auth_manager] loc=simple_auth_manager.py:176
airflow_local_standalone  | 2026-10-08T15:31:03.287694157Z Simple auth manager | Password for user 'admin': V4mGSYRbQ6tGG6Qb
airflow_local_standalone  | 2026-10-08T15:31:03.287712520Z standalone | Checking database is initialized
airflow_local_standalone  | 2026-10-08T15:31:03.287716189Z 2026-10-08T15:31:03.287352Z [info     ] Migrating the Airflow database [airflow.utils.db] loc=db.py:1189
[Kairflow_local_standalone exited with code 143
